// Jest Snapshot v1, https://goo.gl/fbAQLP

exports[`pruebas en GIFTITEM should match snapshot 1`] = `
<div>
  <div
    class="card"
  >
    <img
      alt="Clarian"
      src="https: //clarian.com"
    />
    <p>
       
      Clarian
       
    </p>
  </div>
</div>
`;
